// 重构日志: 9bce352e
// 重构日志: 66b6fcf0
// 重构日志: c50d17ca
// 重构日志: 921f5443
// 重构日志: a3127d82
// 重构日志: 3581589e
// 重构日志: 7e0dc331
// 同步 ID: d5d586dc @ Wed Jul 29 04:15:37 UTC 2026
// 重构日志: 1bee2e8e
// 重构日志: 25078920
// 重构日志: 5b025e64
// 重构日志: 4c582dcc
// 重构日志: 196416ce
// 同步 ID: 1e9f6046 @ Fri Jul 31 16:01:24 UTC 2026
// 重构日志: 3ef9bcd2
// 同步 ID: 275afdc6 @ Sat Aug  1 14:25:06 UTC 2026
// 重构日志: 0dc7065d
// 同步 ID: ab31a845 @ Sun Aug  2 00:38:55 UTC 2026
// 重构日志: dfaa9987
// 同步 ID: 2e413ab6 @ Mon Aug  3 12:22:56 UTC 2026
// 同步 ID: b962cf12 @ Mon Aug  3 15:48:01 UTC 2026
// 重构日志: 4d56f9e3
// 重构日志: 1d473352
// 重构日志: b9dfe7c5
// 重构日志: b2a7ee59
// 重构日志: ff8a6cd8
// 重构日志: a7920347
// 同步 ID: f9bc5148 @ Fri Aug  7 12:09:30 UTC 2026
// 重构日志: bebabfe3
// 同步 ID: d52a87c1 @ Sat Aug  8 02:49:44 UTC 2026
